#
# There is insufficient memory for the Java Runtime Environment to continue.
# Native memory allocation (malloc) failed to allocate 1048576 bytes. Error detail: AllocateHeap
# Possible reasons:
#   The system is out of physical RAM or swap space
# Possible solutions:
#   Reduce memory load on the system
#   Increase physical memory or swap space
#   Check if swap backing store is full
#   Decrease Java heap size (-Xmx/-Xms)
#   Decrease number of Java threads
#   Decrease Java thread stack sizes (-Xss)
#   Set larger code cache with -XX:ReservedCodeCacheSize=
# This output file may be truncated or incomplete.
#
#  Out of Memory Error (allocation.cpp:44), pid=4192, tid=27072
#
# JRE version:  (21.0.12.1+1) (build )
# Java VM: OpenJDK 64-Bit Server VM (21.0.12.1+1-LTS, mixed mode, sharing, tiered, compressed class ptrs, parallel gc, windows-amd64)
# No core dump will be written. Minidumps are not enabled by default on client versions of Windows
#

---------------  S U M M A R Y ------------

Command Line: --add-modules=ALL-SYSTEM --add-opens=java.base/java.util=ALL-UNNAMED --add-opens=java.base/java.lang=ALL-UNNAMED --add-opens=java.base/sun.nio.fs=ALL-UNNAMED -Declipse.application=org.eclipse.jdt.ls.core.id1 -Dosgi.bundles.defaultStartLevel=4 -Declipse.product=org.eclipse.jdt.ls.core.product -Djava.import.generatesMetadataFilesAtProjectRoot=false -Dm2e.project.cache.size=50 -DDetectVMInstallationsJob.disabled=true -Dfile.encoding=utf8 -XX:+UseParallelGC -XX:GCTimeRatio=4 -XX:AdaptiveSizePolicyWeight=90 -Dsun.zip.disableMemoryMapping=true -Xmx256G -Xms100m -Xlog:disable -javaagent:c:\Users\ROHAN\.vscode\extensions\redhat.java-1.56.0-win32-x64\lombok\lombok-1.18.39-4050.jar -XX:+HeapDumpOnOutOfMemoryError -XX:HeapDumpPath=c:\Users\ROHAN\AppData\Roaming\Code\User\workspaceStorage\0c0dd35defd207774d2769581d3b1de8\redhat.java -Daether.dependencyCollector.impl=bf c:\Users\ROHAN\.vscode\extensions\redhat.java-1.56.0-win32-x64\server\plugins\org.eclipse.equinox.launcher_1.8.0.v20260804-1928.jar -configuration c:\Users\ROHAN\AppData\Roaming\Code\User\globalStorage\redhat.java\1.56.0\config_win -data c:\Users\ROHAN\AppData\Roaming\Code\User\workspaceStorage\0c0dd35defd207774d2769581d3b1de8\redhat.java\jdt_ws --stdio

Host: 13th Gen Intel(R) Core(TM) i5-13450HX, 16 cores, 15G,  Windows 11 , 64 bit Build 26100 (10.0.26100.9549)
Time: Fri Sep 25 00:36:56 2026 India Standard Time elapsed time: 0.046375 seconds (0d 0h 0m 0s)

---------------  T H R E A D  ---------------

Current thread (0x0000020894d9c620):  JavaThread "Unknown thread" [_thread_in_vm, id=27072, stack(0x000000f4fca00000,0x000000f4fcb00000) (1024K)]

Stack: [0x000000f4fca00000,0x000000f4fcb00000]
Native frames: (J=compiled Java code, j=interpreted, Vv=VM code, C=native code)
V  [jvm.dll+0x6d83e9]
V  [jvm.dll+0x8b5736]
V  [jvm.dll+0x8b7cee]
V  [jvm.dll+0x8b83d3]
V  [jvm.dll+0x284596]
V  [jvm.dll+0xc13c7]
V  [jvm.dll+0x70c382]
V  [jvm.dll+0x70d0bc]
V  [jvm.dll+0x6e6f73]
V  [jvm.dll+0x87fd8c]
V  [jvm.dll+0x3c4f4c]
V  [jvm.dll+0x868a4b]
V  [jvm.dll+0x458071]
V  [jvm.dll+0x459c61]
C  [jli.dll+0x52dc]
C  [ucrtbase.dll+0x2cd30]
C  [KERNEL32.DLL+0x2cdf7]
C  [ntdll.dll+0x7ee4c]


---------------  P R O C E S S  ---------------

Threads class SMR info:
_java_thread_list=0x0000020894dc5610, length=1, elements={
0x0000020894d9c620
}

Java Threads: ( => current thread )
=>0x0000020894d9c620 JavaThread "Unknown thread"             [_thread_in_vm, id=27072, stack(0x000000f4fca00000,0x000000f4fcb00000) (1024K)]
Total: 1

Other Threads:
  0x000002089481ba00 WatcherThread "VM Periodic Task Thread"        [id=19660, stack(0x000000f4fcc00000,0x000000f4fcd00000) (1024K)]
  0x0000020894dbb100 WorkerThread "GC Thread#0"                     [id=23628, stack(0x000000f4fcb00000,0x000000f4fcc00000) (1024K)]
Total: 2

Threads with active compile tasks:
Total: 0

VM state: not at safepoint (normal execution)

VM Mutex/Monitor currently owned by a thread: None

CDS archive(s) mapped at: [0x0000024afe000000-0x0000024afeba0000-0x0000024afeba0000), size 12189696, SharedBaseAddress: 0x0000024afe000000, ArchiveRelocationMode: 1.
Compressed class space mapped at: 0x0000024aff000000-0x0000024b3f000000, reserved size: 1073741824
Narrow klass base: 0x0000024afe000000, Narrow klass shift: 0, Narrow klass range: 0x100000000

GC Precious Log:
 CardTable entry size: 512
 CPUs: 16 total, 16 available
 Memory: 16068M
 Large Page Support: Disabled
 NUMA Support: Disabled
 Compressed Oops: Disabled
 Alignments: Space 512K, Generation 512K, Heap 2M
 Heap Min Capacity: 100M
 Heap Initial Capacity: 100M
 Heap Max Capacity: 256G
 Pre-touch: Disabled
 Parallel Workers: 13

Heap:
 PSYoungGen      total 29696K, used 512K [0x0000023351b00000, 0x0000023353c00000, 0x00000248a7000000)
  eden space 25600K, 2% used [0x0000023351b00000,0x0000023351b80028,0x0000023353400000)
  from space 4096K, 0% used [0x0000023353800000,0x0000023353800000,0x0000023353c00000)
  to   space 4096K, 0% used [0x0000023353400000,0x0000023353400000,0x0000023353800000)
 ParOldGen       total 68608K, used 0K [0x00000208a7000000, 0x00000208ab300000, 0x0000023351b00000)
  object space 68608K, 0% used [0x00000208a7000000,0x00000208a7000000,0x00000208ab300000)
 Metaspace       used 0K, committed 0K, reserved 1048576K
  class space    used 0K, committed 0K, reserved 1048576K

Card table byte_map: [0x00000248a7000000,0x00000248c7010000] _byte_map_base: 0x00000247a2ac8000

Marking Bits: (ParMarkBitMap*) 0x00007ffd097844a0
 Begin Bits: [0x00000248dc570000, 0x00000249dc570000)
 End Bits:   [0x00000249dc570000, 0x0000024adc570000)

Polling page: 0x0000020892950000

Metaspace:

Usage:
  Non-class:      0 bytes used.
      Class:      0 bytes used.
       Both:      0 bytes used.

Virtual space:
  Non-class space:        0 bytes reserved,       0 bytes (  ?%) committed,  0 nodes.
      Class space:        1.00 GB reserved,       0 bytes (  0%) committed,  1 nodes.
             Both:        1.00 GB reserved,       0 bytes (  0%) committed. 

Chunk freelists:
   Non-Class:  0 bytes
       Class:  16.00 MB
        Both:  16.00 MB

MaxMetaspaceSize: unlimited
CompressedClassSpaceSize: 1.00 GB
Initial GC threshold: 21.00 MB
Current GC threshold: 17179869184.00 GB
CDS: on
 - commit_granule_bytes: 65536.
 - commit_granule_words: 8192.
 - virtual_space_node_default_size: 8388608.
 - enlarge_chunks_in_place: 1.
 - use_allocation_guard: 0.


Internal statistics:

num_allocs_failed_limit: 0.
num_arena_births: 0.
num_arena_deaths: 0.
num_vsnodes_births: 1.
num_vsnodes_deaths: 0.
num_space_committed: 0.
num_space_uncommitted: 0.
num_chunks_returned_to_freelist: 0.
num_chunks_taken_from_freelist: 1.
num_chunk_merges: 0.
num_chunk_splits: 1.
num_chunks_enlarged: 0.
num_inconsistent_stats: 0.

CodeHeap 'non-profiled nmethods': size=119168Kb used=0Kb max_used=0Kb free=119168Kb
 bounds [0x000002089fb40000, 0x000002089fdb0000, 0x00000208a6fa0000]
CodeHeap 'profiled nmethods': size=119104Kb used=0Kb max_used=0Kb free=119104Kb
 bounds [0x0000020897fa0000, 0x0000020898210000, 0x000002089f3f0000]
CodeHeap 'non-nmethods': size=7488Kb used=194Kb max_used=342Kb free=7293Kb
 bounds [0x000002089f3f0000, 0x000002089f660000, 0x000002089fb40000]
CodeCache: size=245760Kb, used=194Kb, max_used=342Kb, free=245565Kb
 total_blobs=70, nmethods=0, adapters=48, full_count=0
Compilation: enabled, stopped_count=0, restarted_count=0

Compilation events (0 events):
No events

GC Heap History (0 events):
No events

Dll operation events (2 events):
Event: 0.011 Attempting to load shared library c:\Users\ROHAN\.vscode\extensions\redhat.java-1.56.0-win32-x64\jre\21.0.12.1-win32-x86_64\bin\java.dll
Event: 0.011 Loaded shared library c:\Users\ROHAN\.vscode\extensions\redhat.java-1.56.0-win32-x64\jre\21.0.12.1-win32-x86_64\bin\java.dll

Deoptimization events (0 events):
No events

Classes loaded (0 events):
No events

Classes unloaded (0 events):
No events

Classes redefined (0 events):
No events

Internal exceptions (0 events):
No events

ZGC Phase Switch (0 events):
No events

VM Operations (0 events):
No events

Memory protections (0 events):
No events

Nmethod flushes (0 events):
No events

Events (1 events):
Event: 0.041 Thread 0x0000020894d9c620 Thread added: 0x0000020894d9c620


Dynamic libraries:
0x00007ff6f6b50000 - 0x00007ff6f6b5e000 	c:\Users\ROHAN\.vscode\extensions\redhat.java-1.56.0-win32-x64\jre\21.0.12.1-win32-x86_64\bin\java.exe
0x00007ffe115c0000 - 0x00007ffe11827000 	C:\WINDOWS\SYSTEM32\ntdll.dll
0x00007ffe0fef0000 - 0x00007ffe0ffbb000 	C:\WINDOWS\System32\KERNEL32.DLL
0x00007ffe0e7c0000 - 0x00007ffe0ebc1000 	C:\WINDOWS\System32\KERNELBASE.dll
0x00007ffe0ec60000 - 0x00007ffe0edac000 	C:\WINDOWS\System32\ucrtbase.dll
0x00007ffdad980000 - 0x00007ffdad998000 	c:\Users\ROHAN\.vscode\extensions\redhat.java-1.56.0-win32-x64\jre\21.0.12.1-win32-x86_64\bin\jli.dll
0x00007ffdb05d0000 - 0x00007ffdb05ee000 	c:\Users\ROHAN\.vscode\extensions\redhat.java-1.56.0-win32-x64\jre\21.0.12.1-win32-x86_64\bin\VCRUNTIME140.dll
0x00007ffe106a0000 - 0x00007ffe10877000 	C:\WINDOWS\System32\USER32.dll
0x00007ffe0f010000 - 0x00007ffe0f037000 	C:\WINDOWS\System32\win32u.dll
0x00007ffdf61e0000 - 0x00007ffdf6470000 	C:\WINDOWS\WinSxS\amd64_microsoft.windows.common-controls_6595b64144ccf1df_6.0.26100.9549_none_3e0a0396e3330090\COMCTL32.dll
0x00007ffe10cf0000 - 0x00007ffe10d1b000 	C:\WINDOWS\System32\GDI32.dll
0x00007ffe10a30000 - 0x00007ffe10ad9000 	C:\WINDOWS\System32\msvcrt.dll
0x00007ffe0f100000 - 0x00007ffe0f228000 	C:\WINDOWS\System32\gdi32full.dll
0x00007ffe0f230000 - 0x00007ffe0f2d3000 	C:\WINDOWS\System32\msvcp_win.dll
0x00007ffe0fc10000 - 0x00007ffe0fc41000 	C:\WINDOWS\System32\IMM32.DLL
0x00007ffe05dd0000 - 0x00007ffe05ddc000 	c:\Users\ROHAN\.vscode\extensions\redhat.java-1.56.0-win32-x64\jre\21.0.12.1-win32-x86_64\bin\vcruntime140_1.dll
0x00007ffd7ac00000 - 0x00007ffd7ac8d000 	c:\Users\ROHAN\.vscode\extensions\redhat.java-1.56.0-win32-x64\jre\21.0.12.1-win32-x86_64\bin\msvcp140.dll
0x00007ffd08ac0000 - 0x00007ffd09862000 	c:\Users\ROHAN\.vscode\extensions\redhat.java-1.56.0-win32-x64\jre\21.0.12.1-win32-x86_64\bin\server\jvm.dll
0x00007ffe10890000 - 0x00007ffe1094b000 	C:\WINDOWS\System32\ADVAPI32.dll
0x00007ffe10b40000 - 0x00007ffe10be8000 	C:\WINDOWS\System32\sechost.dll
0x00007ffe0fa80000 - 0x00007ffe0fb98000 	C:\WINDOWS\System32\RPCRT4.dll
0x00007ffe10610000 - 0x00007ffe10691000 	C:\WINDOWS\System32\WS2_32.dll
0x00007ffe0d2c0000 - 0x00007ffe0d31e000 	C:\WINDOWS\SYSTEM32\POWRPROF.dll
0x00007ffe07130000 - 0x00007ffe0713b000 	C:\WINDOWS\SYSTEM32\VERSION.dll
0x00007ffe0ae00000 - 0x00007ffe0ae37000 	C:\WINDOWS\SYSTEM32\WINMM.dll
0x00007ffe0d2a0000 - 0x00007ffe0d2b5000 	C:\WINDOWS\SYSTEM32\UMPDC.dll
0x00007ffe0d580000 - 0x00007ffe0d59b000 	C:\WINDOWS\SYSTEM32\kernel.appcore.dll
0x00007ffdccf50000 - 0x00007ffdccf5a000 	c:\Users\ROHAN\.vscode\extensions\redhat.java-1.56.0-win32-x64\jre\21.0.12.1-win32-x86_64\bin\jimage.dll
0x00007ffe0bde0000 - 0x00007ffe0c02c000 	C:\WINDOWS\SYSTEM32\DBGHELP.DLL
0x00007ffe10180000 - 0x00007ffe1050a000 	C:\WINDOWS\System32\combase.dll
0x00007ffe10950000 - 0x00007ffe10a29000 	C:\WINDOWS\System32\OLEAUT32.dll
0x00007ffdf4ed0000 - 0x00007ffdf4f0b000 	C:\WINDOWS\SYSTEM32\dbgcore.DLL
0x00007ffe0ef50000 - 0x00007ffe0effc000 	C:\WINDOWS\System32\bcryptPrimitives.dll
0x00007ffdcab30000 - 0x00007ffdcab3f000 	c:\Users\ROHAN\.vscode\extensions\redhat.java-1.56.0-win32-x64\jre\21.0.12.1-win32-x86_64\bin\instrument.dll
0x00007ffd982d0000 - 0x00007ffd982f0000 	c:\Users\ROHAN\.vscode\extensions\redhat.java-1.56.0-win32-x64\jre\21.0.12.1-win32-x86_64\bin\java.dll

JVMTI agents:
c:\Users\ROHAN\.vscode\extensions\redhat.java-1.56.0-win32-x64\lombok\lombok-1.18.39-4050.jar path:none, loaded, not initialized, instrumentlib options:none

dbghelp: loaded successfully - version: 4.0.5 - missing functions: none
symbol engine: initialized successfully - sym options: 0x614 - pdb path: .;c:\Users\ROHAN\.vscode\extensions\redhat.java-1.56.0-win32-x64\jre\21.0.12.1-win32-x86_64\bin;C:\WINDOWS\SYSTEM32;C:\WINDOWS\WinSxS\amd64_microsoft.windows.common-controls_6595b64144ccf1df_6.0.26100.9549_none_3e0a0396e3330090;c:\Users\ROHAN\.vscode\extensions\redhat.java-1.56.0-win32-x64\jre\21.0.12.1-win32-x86_64\bin\server

VM Arguments:
jvm_args: --add-modules=ALL-SYSTEM --add-opens=java.base/java.util=ALL-UNNAMED --add-opens=java.base/java.lang=ALL-UNNAMED --add-opens=java.base/sun.nio.fs=ALL-UNNAMED -Declipse.application=org.eclipse.jdt.ls.core.id1 -Dosgi.bundles.defaultStartLevel=4 -Declipse.product=org.eclipse.jdt.ls.core.product -Djava.import.generatesMetadataFilesAtProjectRoot=false -Dm2e.project.cache.size=50 -DDetectVMInstallationsJob.disabled=true -Dfile.encoding=utf8 -XX:+UseParallelGC -XX:GCTimeRatio=4 -XX:AdaptiveSizePolicyWeight=90 -Dsun.zip.disableMemoryMapping=true -Xmx256G -Xms100m -Xlog:disable -javaagent:c:\Users\ROHAN\.vscode\extensions\redhat.java-1.56.0-win32-x64\lombok\lombok-1.18.39-4050.jar -XX:+HeapDumpOnOutOfMemoryError -XX:HeapDumpPath=c:\Users\ROHAN\AppData\Roaming\Code\User\workspaceStorage\0c0dd35defd207774d2769581d3b1de8\redhat.java -Daether.dependencyCollector.impl=bf 
java_command: c:\Users\ROHAN\.vscode\extensions\redhat.java-1.56.0-win32-x64\server\plugins\org.eclipse.equinox.launcher_1.8.0.v20260804-1928.jar -configuration c:\Users\ROHAN\AppData\Roaming\Code\User\globalStorage\redhat.java\1.56.0\config_win -data c:\Users\ROHAN\AppData\Roaming\Code\User\workspaceStorage\0c0dd35defd207774d2769581d3b1de8\redhat.java\jdt_ws --stdio
java_class_path (initial): c:\Users\ROHAN\.vscode\extensions\redhat.java-1.56.0-win32-x64\server\plugins\org.eclipse.equinox.launcher_1.8.0.v20260804-1928.jar
Launcher Type: SUN_STANDARD

[Global flags]
    uintx AdaptiveSizePolicyWeight                 = 90                                        {product} {command line}
     intx CICompilerCount                          = 12                                        {product} {ergonomic}
    uintx GCTimeRatio                              = 4                                         {product} {command line}
     bool HeapDumpOnOutOfMemoryError               = true                                   {manageable} {command line}
    ccstr HeapDumpPath                             = c:\Users\ROHAN\AppData\Roaming\Code\User\workspaceStorage\0c0dd35defd207774d2769581d3b1de8\redhat.java         {manageable} {command line}
   size_t InitialHeapSize                          = 104857600                                 {product} {command line}
   size_t MaxHeapSize                              = 274877906944                              {product} {command line}
   size_t MaxNewSize                               = 91625619456                               {product} {ergonomic}
   size_t MinHeapDeltaBytes                        = 524288                                    {product} {ergonomic}
   size_t MinHeapSize                              = 104857600                                 {product} {command line}
   size_t NewSize                                  = 34603008                                  {product} {ergonomic}
    uintx NonNMethodCodeHeapSize                   = 7602480                                {pd product} {ergonomic}
    uintx NonProfiledCodeHeapSize                  = 122027880                              {pd product} {ergonomic}
   size_t OldSize                                  = 70254592                                  {product} {ergonomic}
    uintx ProfiledCodeHeapSize                     = 122027880                              {pd product} {ergonomic}
    uintx ReservedCodeCacheSize                    = 251658240                              {pd product} {ergonomic}
     bool SegmentedCodeCache                       = true                                      {product} {ergonomic}
   size_t SoftMaxHeapSize                          = 274877906944                           {manageable} {ergonomic}
     bool UseLargePagesIndividualAllocation        = false                                  {pd product} {ergonomic}
     bool UseParallelGC                            = true                                      {product} {command line}

Logging:
Log output configuration:
 #0: stdout all=off uptime,level,tags foldmultilines=false
 #1: stderr all=off uptime,level,tags foldmultilines=false

Release file:
<release file has not been read>
Environment Variables:
JAVA_HOME=C:\Program Files\Eclipse Adoptium\jdk-17.0.15.6-hotspot\
PATH=D:\Oracle\dbhomeFree\bin;C:\Program Files\Eclipse Adoptium\jdk-17.0.15.6-hotspot\bin;C:\WINDOWS\system32;C:\WINDOWS;C:\WINDOWS\System32\Wbem;C:\WINDOWS\System32\WindowsPowerShell\v1.0\;C:\WINDOWS\System32\OpenSSH\;C:\Program Files\dotnet\;C:\Program Files (x86)\NVIDIA Corporation\PhysX\Common;C:\Program Files\Git\cmd;C:\Program Files\Git\mingw64\bin;C:\Program Files\Git\usr\bin;C:\Program Files\nodejs\;C:\Program Files\NVIDIA Corporation\NVIDIA App\NvDLISR;C:\Program Files\cursor\resources\app\bin;C:\Program Files\Docker\Docker\resources\bin;C:\Program Files\MySQL\MySQL Shell 8.0\bin\;C:\Users\ROHAN\AppData\Local\Microsoft\WindowsApps;C:\Users\ROHAN\AppData\Roaming\npm;C:\Users\ROHAN\AppData\Local\GitHubDesktop\bin;D:\Microsoft VS Code\bin
USERNAME=ROHAN
OS=Windows_NT
PROCESSOR_IDENTIFIER=Intel64 Family 6 Model 183 Stepping 1, GenuineIntel
TMP=C:\Users\ROHAN\AppData\Local\Temp
TEMP=C:\Users\ROHAN\AppData\Local\Temp




Periodic native trim disabled

---------------  S Y S T E M  ---------------

OS:
 Windows 11 , 64 bit Build 26100 (10.0.26100.9549)
OS uptime: 0 days 2:48 hours
Hyper-V role detected

CPU: total 16 (initial active 16) (8 cores per cpu, 2 threads per core) family 6 model 183 stepping 1 microcode 0x133, cx8, cmov, fxsr, ht, mmx, 3dnowpref, sse, sse2, sse3, ssse3, sse4.1, sse4.2, popcnt, lzcnt, tsc, tscinvbit, avx, avx2, aes, erms, clmul, bmi1, bmi2, adx, sha, fma, vzeroupper, clflush, clflushopt, clwb, hv, serialize, rdtscp, rdpid, fsrm, f16c, cet_ibt, cet_ss
Processor Information for processor 0
  Max Mhz: 2400, Current Mhz: 2400, Mhz Limit: 2400
Processor Information for processor 1
  Max Mhz: 2400, Current Mhz: 2400, Mhz Limit: 2400
Processor Information for processor 2
  Max Mhz: 2400, Current Mhz: 2400, Mhz Limit: 2400
Processor Information for processor 3
  Max Mhz: 2400, Current Mhz: 2400, Mhz Limit: 2400
Processor Information for processor 4
  Max Mhz: 2400, Current Mhz: 2400, Mhz Limit: 2400
Processor Information for processor 5
  Max Mhz: 2400, Current Mhz: 2400, Mhz Limit: 2400
Processor Information for processor 6
  Max Mhz: 2400, Current Mhz: 2400, Mhz Limit: 2400
Processor Information for processor 7
  Max Mhz: 2400, Current Mhz: 2400, Mhz Limit: 2400
Processor Information for processor 8
  Max Mhz: 2400, Current Mhz: 2400, Mhz Limit: 2400
Processor Information for processor 9
  Max Mhz: 2400, Current Mhz: 2400, Mhz Limit: 2400
Processor Information for processor 10
  Max Mhz: 2400, Current Mhz: 2400, Mhz Limit: 2400
Processor Information for processor 11
  Max Mhz: 2400, Current Mhz: 2400, Mhz Limit: 2400
Processor Information for processor 12
  Max Mhz: 2400, Current Mhz: 1466, Mhz Limit: 2400
Processor Information for processor 13
  Max Mhz: 2400, Current Mhz: 1466, Mhz Limit: 2400
Processor Information for processor 14
  Max Mhz: 2400, Current Mhz: 1466, Mhz Limit: 2400
Processor Information for processor 15
  Max Mhz: 2400, Current Mhz: 1466, Mhz Limit: 2400

Memory: 4k page, system-wide physical 16068M (4530M free)
TotalPageFile size 42775M (AvailPageFile size 5M)
current process WorkingSet (physical memory assigned to process): 27M, peak: 27M
current process commit charge ("private bytes"): 8889M, peak: 8890M

vm_info: OpenJDK 64-Bit Server VM (21.0.12.1+1-LTS) for windows-amd64 JRE (21.0.12.1+1-LTS), built on 2026-08-18T00:00:00Z by "admin" with MS VC++ 17.12 (VS2022)

END.
